<?xml version="1.0"?>
<link_info>
   <banner>MSP430 Linker PC v4.3.1</banner>
   <copyright>Copyright (c) 2003-2014 Texas Instruments Incorporated</copyright>
   <link_time>0x53ab1494</link_time>
   <link_errors>0x0</link_errors>
   <output_file>SHEMP - 2.2 DNS.out</output_file>
   <entry_point>
      <name>_c_int00</name>
      <address>0x5cee</address>
   </entry_point>
   <input_file_list>
      <input_file id="fl-2">
         <path>.\</path>
         <kind>object</kind>
         <file>wattage_sensor.obj</file>
         <name>wattage_sensor.obj</name>
      </input_file>
      <input_file id="fl-3">
         <path>.\</path>
         <kind>object</kind>
         <file>uart.obj</file>
         <name>uart.obj</name>
      </input_file>
      <input_file id="fl-4">
         <path>.\</path>
         <kind>object</kind>
         <file>time.obj</file>
         <name>time.obj</name>
      </input_file>
      <input_file id="fl-5">
         <path>.\</path>
         <kind>object</kind>
         <file>temperature_sensor.obj</file>
         <name>temperature_sensor.obj</name>
      </input_file>
      <input_file id="fl-6">
         <path>.\</path>
         <kind>object</kind>
         <file>shempserver.obj</file>
         <name>shempserver.obj</name>
      </input_file>
      <input_file id="fl-7">
         <path>.\</path>
         <kind>object</kind>
         <file>sensors.obj</file>
         <name>sensors.obj</name>
      </input_file>
      <input_file id="fl-8">
         <path>.\</path>
         <kind>object</kind>
         <file>roving.obj</file>
         <name>roving.obj</name>
      </input_file>
      <input_file id="fl-9">
         <path>.\</path>
         <kind>object</kind>
         <file>main.obj</file>
         <name>main.obj</name>
      </input_file>
      <input_file id="fl-a">
         <path>.\</path>
         <kind>object</kind>
         <file>linked_list.obj</file>
         <name>linked_list.obj</name>
      </input_file>
      <input_file id="fl-b">
         <path>.\</path>
         <kind>object</kind>
         <file>light_sensor.obj</file>
         <name>light_sensor.obj</name>
      </input_file>
      <input_file id="fl-c">
         <path>.\</path>
         <kind>object</kind>
         <file>leds.obj</file>
         <name>leds.obj</name>
      </input_file>
      <input_file id="fl-d">
         <path>.\</path>
         <kind>object</kind>
         <file>html.obj</file>
         <name>html.obj</name>
      </input_file>
      <input_file id="fl-e">
         <path>.\</path>
         <kind>object</kind>
         <file>hal_pmm.obj</file>
         <name>hal_pmm.obj</name>
      </input_file>
      <input_file id="fl-f">
         <path>.\</path>
         <kind>object</kind>
         <file>events.obj</file>
         <name>events.obj</name>
      </input_file>
      <input_file id="fl-10">
         <path>.\</path>
         <kind>object</kind>
         <file>auxlib.obj</file>
         <name>auxlib.obj</name>
      </input_file>
      <input_file id="fl-11">
         <path>.\</path>
         <kind>object</kind>
         <file>audio_sensor.obj</file>
         <name>audio_sensor.obj</name>
      </input_file>
      <input_file id="fl-3f">
         <path>c:\ti\ccsv6\tools\compiler\msp430_4.3.1\lib\</path>
         <kind>archive</kind>
         <file>rts430x.lib</file>
         <name>asr32.obj</name>
      </input_file>
      <input_file id="fl-40">
         <path>c:\ti\ccsv6\tools\compiler\msp430_4.3.1\lib\</path>
         <kind>archive</kind>
         <file>rts430x.lib</file>
         <name>boot.obj</name>
      </input_file>
      <input_file id="fl-41">
         <path>c:\ti\ccsv6\tools\compiler\msp430_4.3.1\lib\</path>
         <kind>archive</kind>
         <file>rts430x.lib</file>
         <name>copy_decompress_none.obj</name>
      </input_file>
      <input_file id="fl-42">
         <path>c:\ti\ccsv6\tools\compiler\msp430_4.3.1\lib\</path>
         <kind>archive</kind>
         <file>rts430x.lib</file>
         <name>copy_decompress_rle.obj</name>
      </input_file>
      <input_file id="fl-43">
         <path>c:\ti\ccsv6\tools\compiler\msp430_4.3.1\lib\</path>
         <kind>archive</kind>
         <file>rts430x.lib</file>
         <name>copy_zero_init.obj</name>
      </input_file>
      <input_file id="fl-44">
         <path>c:\ti\ccsv6\tools\compiler\msp430_4.3.1\lib\</path>
         <kind>archive</kind>
         <file>rts430x.lib</file>
         <name>cpy_util.obj</name>
      </input_file>
      <input_file id="fl-45">
         <path>c:\ti\ccsv6\tools\compiler\msp430_4.3.1\lib\</path>
         <kind>archive</kind>
         <file>rts430x.lib</file>
         <name>div16s.obj</name>
      </input_file>
      <input_file id="fl-46">
         <path>c:\ti\ccsv6\tools\compiler\msp430_4.3.1\lib\</path>
         <kind>archive</kind>
         <file>rts430x.lib</file>
         <name>div16u.obj</name>
      </input_file>
      <input_file id="fl-47">
         <path>c:\ti\ccsv6\tools\compiler\msp430_4.3.1\lib\</path>
         <kind>archive</kind>
         <file>rts430x.lib</file>
         <name>div32s.obj</name>
      </input_file>
      <input_file id="fl-48">
         <path>c:\ti\ccsv6\tools\compiler\msp430_4.3.1\lib\</path>
         <kind>archive</kind>
         <file>rts430x.lib</file>
         <name>div32u.obj</name>
      </input_file>
      <input_file id="fl-49">
         <path>c:\ti\ccsv6\tools\compiler\msp430_4.3.1\lib\</path>
         <kind>archive</kind>
         <file>rts430x.lib</file>
         <name>exit.obj</name>
      </input_file>
      <input_file id="fl-4a">
         <path>c:\ti\ccsv6\tools\compiler\msp430_4.3.1\lib\</path>
         <kind>archive</kind>
         <file>rts430x.lib</file>
         <name>lsr32.obj</name>
      </input_file>
      <input_file id="fl-4b">
         <path>c:\ti\ccsv6\tools\compiler\msp430_4.3.1\lib\</path>
         <kind>archive</kind>
         <file>rts430x.lib</file>
         <name>memcpy.obj</name>
      </input_file>
      <input_file id="fl-4c">
         <path>c:\ti\ccsv6\tools\compiler\msp430_4.3.1\lib\</path>
         <kind>archive</kind>
         <file>rts430x.lib</file>
         <name>memory.obj</name>
      </input_file>
      <input_file id="fl-4d">
         <path>c:\ti\ccsv6\tools\compiler\msp430_4.3.1\lib\</path>
         <kind>archive</kind>
         <file>rts430x.lib</file>
         <name>mpu_init.obj</name>
      </input_file>
      <input_file id="fl-4e">
         <path>c:\ti\ccsv6\tools\compiler\msp430_4.3.1\lib\</path>
         <kind>archive</kind>
         <file>rts430x.lib</file>
         <name>mult16_f5hw.obj</name>
      </input_file>
      <input_file id="fl-4f">
         <path>c:\ti\ccsv6\tools\compiler\msp430_4.3.1\lib\</path>
         <kind>archive</kind>
         <file>rts430x.lib</file>
         <name>mult32_f5hw.obj</name>
      </input_file>
      <input_file id="fl-50">
         <path>c:\ti\ccsv6\tools\compiler\msp430_4.3.1\lib\</path>
         <kind>archive</kind>
         <file>rts430x.lib</file>
         <name>pre_init.obj</name>
      </input_file>
      <input_file id="fl-51">
         <path>c:\ti\ccsv6\tools\compiler\msp430_4.3.1\lib\</path>
         <kind>archive</kind>
         <file>rts430x.lib</file>
         <name>strchr.obj</name>
      </input_file>
      <input_file id="fl-52">
         <path>c:\ti\ccsv6\tools\compiler\msp430_4.3.1\lib\</path>
         <kind>archive</kind>
         <file>rts430x.lib</file>
         <name>strcmp.obj</name>
      </input_file>
      <input_file id="fl-53">
         <path>c:\ti\ccsv6\tools\compiler\msp430_4.3.1\lib\</path>
         <kind>archive</kind>
         <file>rts430x.lib</file>
         <name>strlen.obj</name>
      </input_file>
      <input_file id="fl-54">
         <path>c:\ti\ccsv6\tools\compiler\msp430_4.3.1\lib\</path>
         <kind>archive</kind>
         <file>rts430x.lib</file>
         <name>_lock.obj</name>
      </input_file>
      <input_file id="fl-55">
         <path>c:\ti\ccsv6\tools\compiler\msp430_4.3.1\lib\</path>
         <kind>archive</kind>
         <file>rts430x.lib</file>
         <name>args_main.obj</name>
      </input_file>
      <input_file id="fl-56">
         <path>c:\ti\ccsv6\tools\compiler\msp430_4.3.1\lib\</path>
         <kind>archive</kind>
         <file>rts430x.lib</file>
         <name>autoinit.obj</name>
      </input_file>
   </input_file_list>
   <object_component_list>
      <object_component id="oc-50">
         <name>.bss</name>
         <uninitialized>true</uninitialized>
         <run_address>0x3ef6</run_address>
         <size>0x42</size>
         <input_file_ref idref="fl-2"/>
      </object_component>
      <object_component id="oc-5c">
         <name>.bss</name>
         <uninitialized>true</uninitialized>
         <run_address>0x3f60</run_address>
         <size>0x18</size>
         <input_file_ref idref="fl-4"/>
      </object_component>
      <object_component id="oc-62">
         <name>.bss</name>
         <uninitialized>true</uninitialized>
         <run_address>0x3fb4</run_address>
         <size>0x6</size>
         <input_file_ref idref="fl-5"/>
      </object_component>
      <object_component id="oc-68">
         <name>.bss</name>
         <uninitialized>true</uninitialized>
         <run_address>0x1c00</run_address>
         <size>0x1794</size>
         <input_file_ref idref="fl-6"/>
      </object_component>
      <object_component id="oc-6f">
         <name>.bss</name>
         <uninitialized>true</uninitialized>
         <run_address>0x3f38</run_address>
         <size>0x28</size>
         <input_file_ref idref="fl-7"/>
      </object_component>
      <object_component id="oc-75">
         <name>.bss</name>
         <uninitialized>true</uninitialized>
         <run_address>0x399e</run_address>
         <size>0x558</size>
         <input_file_ref idref="fl-8"/>
      </object_component>
      <object_component id="oc-7c">
         <name>.bss</name>
         <uninitialized>true</uninitialized>
         <run_address>0x3f78</run_address>
         <size>0x16</size>
         <input_file_ref idref="fl-9"/>
      </object_component>
      <object_component id="oc-8a">
         <name>.bss</name>
         <uninitialized>true</uninitialized>
         <run_address>0x3fba</run_address>
         <size>0x4</size>
         <input_file_ref idref="fl-b"/>
      </object_component>
      <object_component id="oc-90">
         <name>.bss</name>
         <uninitialized>true</uninitialized>
         <run_address>0x3fa6</run_address>
         <size>0x7</size>
         <input_file_ref idref="fl-c"/>
      </object_component>
      <object_component id="oc-96">
         <name>.bss</name>
         <uninitialized>true</uninitialized>
         <run_address>0x3394</run_address>
         <size>0x60a</size>
         <input_file_ref idref="fl-d"/>
      </object_component>
      <object_component id="oc-ad">
         <name>.bss</name>
         <uninitialized>true</uninitialized>
         <run_address>0x3fae</run_address>
         <size>0x6</size>
         <input_file_ref idref="fl-11"/>
      </object_component>
      <object_component id="oc-b7">
         <name>.bss</name>
         <uninitialized>true</uninitialized>
         <run_address>0x3f96</run_address>
         <size>0x8</size>
         <input_file_ref idref="fl-40"/>
      </object_component>
      <object_component id="oc-f4">
         <name>.bss</name>
         <uninitialized>true</uninitialized>
         <run_address>0x3f9e</run_address>
         <size>0x8</size>
         <input_file_ref idref="fl-4c"/>
      </object_component>
      <object_component id="oc-11f">
         <name>.bss</name>
         <uninitialized>true</uninitialized>
         <run_address>0x3f8e</run_address>
         <size>0x8</size>
         <input_file_ref idref="fl-54"/>
      </object_component>
      <object_component id="oc-f7">
         <name>.sysmem</name>
         <uninitialized>true</uninitialized>
         <run_address>0x3fc0</run_address>
         <size>0x4</size>
         <input_file_ref idref="fl-4c"/>
      </object_component>
      <object_component id="oc-285">
         <name>.sysmem</name>
         <uninitialized>true</uninitialized>
         <run_address>0x3fc0</run_address>
         <size>0x0</size>
      </object_component>
      <object_component id="oc-b9">
         <name>.stack</name>
         <uninitialized>true</uninitialized>
         <run_address>0x5900</run_address>
         <size>0x2</size>
         <input_file_ref idref="fl-40"/>
      </object_component>
      <object_component id="oc-284">
         <name>.stack</name>
         <uninitialized>true</uninitialized>
         <run_address>0x5900</run_address>
         <size>0x0</size>
      </object_component>
      <object_component id="oc-180">
         <name>.text:parse_string</name>
         <load_address>0x5d6c</load_address>
         <run_address>0x5d6c</run_address>
         <size>0x366</size>
         <input_file_ref idref="fl-8"/>
      </object_component>
      <object_component id="oc-1a7">
         <name>.text:parse_shemp_command</name>
         <load_address>0x60d2</load_address>
         <run_address>0x60d2</run_address>
         <size>0x32a</size>
         <input_file_ref idref="fl-9"/>
      </object_component>
      <object_component id="oc-1a6">
         <name>.text:parse_http_request</name>
         <load_address>0x63fc</load_address>
         <run_address>0x63fc</run_address>
         <size>0x2ee</size>
         <input_file_ref idref="fl-d"/>
      </object_component>
      <object_component id="oc-212">
         <name>.text:current_on_full</name>
         <load_address>0x66ea</load_address>
         <run_address>0x66ea</run_address>
         <size>0x1f6</size>
         <input_file_ref idref="fl-2"/>
      </object_component>
      <object_component id="oc-132">
         <name>.text:main</name>
         <load_address>0x68e0</load_address>
         <run_address>0x68e0</run_address>
         <size>0x1de</size>
         <input_file_ref idref="fl-9"/>
      </object_component>
      <object_component id="oc-214">
         <name>.text:voltage_on_full</name>
         <load_address>0x6abe</load_address>
         <run_address>0x6abe</run_address>
         <size>0x1cc</size>
         <input_file_ref idref="fl-2"/>
      </object_component>
      <object_component id="oc-17c">
         <name>.text:write_time_to_string</name>
         <load_address>0x6c8a</load_address>
         <run_address>0x6c8a</run_address>
         <size>0x1ac</size>
         <input_file_ref idref="fl-4"/>
      </object_component>
      <object_component id="oc-221">
         <name>.text:encode_data_and_old_data_for_transmit</name>
         <load_address>0x6e36</load_address>
         <run_address>0x6e36</run_address>
         <size>0x192</size>
         <input_file_ref idref="fl-6"/>
      </object_component>
      <object_component id="oc-1db">
         <name>.text:create_audio_sensor</name>
         <load_address>0x6fc8</load_address>
         <run_address>0x6fc8</run_address>
         <size>0x152</size>
         <input_file_ref idref="fl-11"/>
      </object_component>
      <object_component id="oc-217">
         <name>.text:encode_data_for_transmit</name>
         <load_address>0x711a</load_address>
         <run_address>0x711a</run_address>
         <size>0x152</size>
         <input_file_ref idref="fl-6"/>
      </object_component>
      <object_component id="oc-200">
         <name>.text:new_one_time_sensor</name>
         <load_address>0x726c</load_address>
         <run_address>0x726c</run_address>
         <size>0x14c</size>
         <input_file_ref idref="fl-7"/>
      </object_component>
      <object_component id="oc-1dc">
         <name>.text:create_temperature_sensor</name>
         <load_address>0x73b8</load_address>
         <run_address>0x73b8</run_address>
         <size>0x13a</size>
         <input_file_ref idref="fl-5"/>
      </object_component>
      <object_component id="oc-1f3">
         <name>.text:new_sensor</name>
         <load_address>0x74f2</load_address>
         <run_address>0x74f2</run_address>
         <size>0x12a</size>
         <input_file_ref idref="fl-7"/>
      </object_component>
      <object_component id="oc-185">
         <name>.text:alert_slaves</name>
         <load_address>0x761c</load_address>
         <run_address>0x761c</run_address>
         <size>0x108</size>
         <input_file_ref idref="fl-8"/>
      </object_component>
      <object_component id="oc-167">
         <name>.text:run_led_driver</name>
         <load_address>0x7724</load_address>
         <run_address>0x7724</run_address>
         <size>0x102</size>
         <input_file_ref idref="fl-c"/>
      </object_component>
      <object_component id="oc-163">
         <name>.text:leave_setup_mode</name>
         <load_address>0x7826</load_address>
         <run_address>0x7826</run_address>
         <size>0xfe</size>
         <input_file_ref idref="fl-8"/>
      </object_component>
      <object_component id="oc-223">
         <name>.text:calculate_wattage</name>
         <load_address>0x7924</load_address>
         <run_address>0x7924</run_address>
         <size>0xf0</size>
         <input_file_ref idref="fl-2"/>
      </object_component>
      <object_component id="oc-164">
         <name>.text:do_setup</name>
         <load_address>0x7a14</load_address>
         <run_address>0x7a14</run_address>
         <size>0xd6</size>
         <input_file_ref idref="fl-8"/>
      </object_component>
      <object_component id="oc-1c0">
         <name>.text:write_int_to_string</name>
         <load_address>0x7aea</load_address>
         <run_address>0x7aea</run_address>
         <size>0xd0</size>
         <input_file_ref idref="fl-10"/>
      </object_component>
      <object_component id="oc-199">
         <name>.text:SetVCoreUp</name>
         <load_address>0x7bba</load_address>
         <run_address>0x7bba</run_address>
         <size>0xca</size>
         <input_file_ref idref="fl-e"/>
      </object_component>
      <object_component id="oc-1da">
         <name>.text:create_light_sensor</name>
         <load_address>0x7c84</load_address>
         <run_address>0x7c84</run_address>
         <size>0xc8</size>
         <input_file_ref idref="fl-b"/>
      </object_component>
      <object_component id="oc-1e5">
         <name>.text:create_internal_wattage_sensor</name>
         <load_address>0x7d4c</load_address>
         <run_address>0x7d4c</run_address>
         <size>0xb8</size>
         <input_file_ref idref="fl-2"/>
      </object_component>
      <object_component id="oc-202">
         <name>.text:detect_audio_use</name>
         <load_address>0x7e04</load_address>
         <run_address>0x7e04</run_address>
         <size>0xac</size>
         <input_file_ref idref="fl-11"/>
      </object_component>
      <object_component id="oc-1af">
         <name>.text:html_GET</name>
         <load_address>0x7eb0</load_address>
         <run_address>0x7eb0</run_address>
         <size>0xac</size>
         <input_file_ref idref="fl-d"/>
      </object_component>
      <object_component id="oc-206">
         <name>.text:sensor_delete</name>
         <load_address>0x7f5c</load_address>
         <run_address>0x7f5c</run_address>
         <size>0xaa</size>
         <input_file_ref idref="fl-7"/>
      </object_component>
      <object_component id="oc-172">
         <name>.text:malloc</name>
         <load_address>0x8006</load_address>
         <run_address>0x8006</run_address>
         <size>0xa6</size>
         <input_file_ref idref="fl-4c"/>
      </object_component>
      <object_component id="oc-160">
         <name>.text:handle_roving_input</name>
         <load_address>0x80ac</load_address>
         <run_address>0x80ac</run_address>
         <size>0xa2</size>
         <input_file_ref idref="fl-8"/>
      </object_component>
      <object_component id="oc-19a">
         <name>.text:SetVCoreDown</name>
         <load_address>0x814e</load_address>
         <run_address>0x814e</run_address>
         <size>0x9c</size>
         <input_file_ref idref="fl-e"/>
      </object_component>
      <object_component id="oc-1df">
         <name>.text:create_internal_current_sensor</name>
         <load_address>0x81ea</load_address>
         <run_address>0x81ea</run_address>
         <size>0x98</size>
         <input_file_ref idref="fl-2"/>
      </object_component>
      <object_component id="oc-1e2">
         <name>.text:create_internal_voltage_sensor</name>
         <load_address>0x8282</load_address>
         <run_address>0x8282</run_address>
         <size>0x98</size>
         <input_file_ref idref="fl-2"/>
      </object_component>
      <object_component id="oc-1ac">
         <name>.text:free</name>
         <load_address>0x831a</load_address>
         <run_address>0x831a</run_address>
         <size>0x80</size>
         <input_file_ref idref="fl-4c"/>
      </object_component>
      <object_component id="oc-1d5">
         <name>.text:new_time_from_string</name>
         <load_address>0x839a</load_address>
         <run_address>0x839a</run_address>
         <size>0x80</size>
         <input_file_ref idref="fl-4"/>
      </object_component>
      <object_component id="oc-177">
         <name>.text:fix_time</name>
         <load_address>0x841a</load_address>
         <run_address>0x841a</run_address>
         <size>0x6e</size>
         <input_file_ref idref="fl-4"/>
      </object_component>
      <object_component id="oc-13a">
         <name>.text:init_internal_wattage_sensor</name>
         <load_address>0x8488</load_address>
         <run_address>0x8488</run_address>
         <size>0x6e</size>
         <input_file_ref idref="fl-2"/>
      </object_component>
      <object_component id="oc-169">
         <name>.text:sample_enabled_sensors</name>
         <load_address>0x84f6</load_address>
         <run_address>0x84f6</run_address>
         <size>0x66</size>
         <input_file_ref idref="fl-7"/>
      </object_component>
      <object_component id="oc-198">
         <name>.text:time_set_to_sum</name>
         <load_address>0x855c</load_address>
         <run_address>0x855c</run_address>
         <size>0x64</size>
         <input_file_ref idref="fl-4"/>
      </object_component>
      <object_component id="oc-165">
         <name>.text:store_uart_input</name>
         <load_address>0x85c0</load_address>
         <run_address>0x85c0</run_address>
         <size>0x5a</size>
         <input_file_ref idref="fl-8"/>
      </object_component>
      <object_component id="oc-e1">
         <name>.text</name>
         <load_address>0x861a</load_address>
         <run_address>0x861a</run_address>
         <size>0x58</size>
         <input_file_ref idref="fl-48"/>
      </object_component>
      <object_component id="oc-1a0">
         <name>.text:add_to_slaves</name>
         <load_address>0x8672</load_address>
         <run_address>0x8672</run_address>
         <size>0x56</size>
         <input_file_ref idref="fl-8"/>
      </object_component>
      <object_component id="oc-166">
         <name>.text:time_tick</name>
         <load_address>0x86c8</load_address>
         <run_address>0x86c8</run_address>
         <size>0x56</size>
         <input_file_ref idref="fl-4"/>
      </object_component>
      <object_component id="oc-14f">
         <name>.text:in_main_mode</name>
         <load_address>0x871e</load_address>
         <run_address>0x871e</run_address>
         <size>0x54</size>
         <input_file_ref idref="fl-8"/>
      </object_component>
      <object_component id="oc-144">
         <name>.text:init_buttons</name>
         <load_address>0x8772</load_address>
         <run_address>0x8772</run_address>
         <size>0x54</size>
         <input_file_ref idref="fl-9"/>
      </object_component>
      <object_component id="oc-15a">
         <name>.text:transmit_header</name>
         <load_address>0x87c6</load_address>
         <run_address>0x87c6</run_address>
         <size>0x54</size>
         <input_file_ref idref="fl-6"/>
      </object_component>
      <object_component id="oc-162">
         <name>.text:start_setup_mode</name>
         <load_address>0x881a</load_address>
         <run_address>0x881a</run_address>
         <size>0x52</size>
         <input_file_ref idref="fl-8"/>
      </object_component>
      <object_component id="oc-197">
         <name>.text:store_data_point</name>
         <load_address>0x886c</load_address>
         <run_address>0x886c</run_address>
         <size>0x50</size>
         <input_file_ref idref="fl-7"/>
      </object_component>
      <object_component id="oc-15c">
         <name>.text:transmit_data</name>
         <load_address>0x88bc</load_address>
         <run_address>0x88bc</run_address>
         <size>0x50</size>
         <input_file_ref idref="fl-6"/>
      </object_component>
      <object_component id="oc-187">
         <name>.text:host_setup_mode</name>
         <load_address>0x890c</load_address>
         <run_address>0x890c</run_address>
         <size>0x4e</size>
         <input_file_ref idref="fl-8"/>
      </object_component>
      <object_component id="oc-146">
         <name>.text:init_roving</name>
         <load_address>0x895a</load_address>
         <run_address>0x895a</run_address>
         <size>0x4e</size>
         <input_file_ref idref="fl-8"/>
      </object_component>
      <object_component id="oc-14c">
         <name>.text:init_adc</name>
         <load_address>0x89a8</load_address>
         <run_address>0x89a8</run_address>
         <size>0x4c</size>
         <input_file_ref idref="fl-7"/>
      </object_component>
      <object_component id="oc-161">
         <name>.text:in_setup_mode</name>
         <load_address>0x89f4</load_address>
         <run_address>0x89f4</run_address>
         <size>0x4a</size>
         <input_file_ref idref="fl-8"/>
      </object_component>
      <object_component id="oc-131">
         <name>.text:_auto_init</name>
         <load_address>0x8a3e</load_address>
         <run_address>0x8a3e</run_address>
         <size>0x48</size>
         <input_file_ref idref="fl-56"/>
      </object_component>
      <object_component id="oc-17f">
         <name>.text:is_delimiter</name>
         <load_address>0x8a86</load_address>
         <run_address>0x8a86</run_address>
         <size>0x48</size>
         <input_file_ref idref="fl-8"/>
      </object_component>
      <object_component id="oc-155">
         <name>.text:time_cmp</name>
         <load_address>0x8ace</load_address>
         <run_address>0x8ace</run_address>
         <size>0x46</size>
         <input_file_ref idref="fl-4"/>
      </object_component>
      <object_component id="oc-20e">
         <name>.text:fix_temperature</name>
         <load_address>0x8b14</load_address>
         <run_address>0x8b14</run_address>
         <size>0x42</size>
         <input_file_ref idref="fl-5"/>
      </object_component>
      <object_component id="oc-170">
         <name>.text:SetVCore</name>
         <load_address>0x8b56</load_address>
         <run_address>0x8b56</run_address>
         <size>0x40</size>
         <input_file_ref idref="fl-e"/>
      </object_component>
      <object_component id="oc-14b">
         <name>.text:enter_command_mode</name>
         <load_address>0x8b96</load_address>
         <run_address>0x8b96</run_address>
         <size>0x40</size>
         <input_file_ref idref="fl-8"/>
      </object_component>
      <object_component id="oc-dc">
         <name>.text</name>
         <load_address>0x8bd6</load_address>
         <run_address>0x8bd6</run_address>
         <size>0x40</size>
         <input_file_ref idref="fl-47"/>
      </object_component>
      <object_component id="oc-183">
         <name>.text:send_command_with_arg</name>
         <load_address>0x8c16</load_address>
         <run_address>0x8c16</run_address>
         <size>0x40</size>
         <input_file_ref idref="fl-8"/>
      </object_component>
      <object_component id="oc-22a">
         <name>.text:l_asr_const</name>
         <load_address>0x8c56</load_address>
         <run_address>0x8c56</run_address>
         <size>0x3e</size>
         <input_file_ref idref="fl-3f"/>
      </object_component>
      <object_component id="oc-21f">
         <name>.text:l_lsr_const</name>
         <load_address>0x8c94</load_address>
         <run_address>0x8c94</run_address>
         <size>0x3e</size>
         <input_file_ref idref="fl-4a"/>
      </object_component>
      <object_component id="oc-157">
         <name>.text:add_time_to_time</name>
         <load_address>0x8cd2</load_address>
         <run_address>0x8cd2</run_address>
         <size>0x3a</size>
         <input_file_ref idref="fl-4"/>
      </object_component>
      <object_component id="oc-190">
         <name>.text:blink_fast</name>
         <load_address>0x8d0c</load_address>
         <run_address>0x8d0c</run_address>
         <size>0x3a</size>
         <input_file_ref idref="fl-c"/>
      </object_component>
      <object_component id="oc-1d4">
         <name>.text:read_number_from_string</name>
         <load_address>0x8d46</load_address>
         <run_address>0x8d46</run_address>
         <size>0x3a</size>
         <input_file_ref idref="fl-10"/>
      </object_component>
      <object_component id="oc-1b0">
         <name>.text:is_valid_string</name>
         <load_address>0x8d80</load_address>
         <run_address>0x8d80</run_address>
         <size>0x38</size>
         <input_file_ref idref="fl-10"/>
      </object_component>
      <object_component id="oc-19b">
         <name>.text:minit</name>
         <load_address>0x8db8</load_address>
         <run_address>0x8db8</run_address>
         <size>0x38</size>
         <input_file_ref idref="fl-4c"/>
      </object_component>
      <object_component id="oc-1eb">
         <name>.text:node_delete</name>
         <load_address>0x8df0</load_address>
         <run_address>0x8df0</run_address>
         <size>0x38</size>
         <input_file_ref idref="fl-a"/>
      </object_component>
      <object_component id="oc-213">
         <name>.text:sync_wattage_sensors</name>
         <load_address>0x8e28</load_address>
         <run_address>0x8e28</run_address>
         <size>0x38</size>
         <input_file_ref idref="fl-2"/>
      </object_component>
      <object_component id="oc-189">
         <name>.text:disconnect</name>
         <load_address>0x8e60</load_address>
         <run_address>0x8e60</run_address>
         <size>0x36</size>
         <input_file_ref idref="fl-8"/>
      </object_component>
      <object_component id="oc-20f">
         <name>.text:enable_sensor</name>
         <load_address>0x8e96</load_address>
         <run_address>0x8e96</run_address>
         <size>0x36</size>
         <input_file_ref idref="fl-7"/>
      </object_component>
      <object_component id="oc-159">
         <name>.text:exit_command_mode</name>
         <load_address>0x8ecc</load_address>
         <run_address>0x8ecc</run_address>
         <size>0x36</size>
         <input_file_ref idref="fl-8"/>
      </object_component>
      <object_component id="oc-196">
         <name>.text:handle_full_sensors</name>
         <load_address>0x8f02</load_address>
         <run_address>0x8f02</run_address>
         <size>0x36</size>
         <input_file_ref idref="fl-7"/>
      </object_component>
      <object_component id="oc-149">
         <name>.text:reset_roving</name>
         <load_address>0x8f38</load_address>
         <run_address>0x8f38</run_address>
         <size>0x36</size>
         <input_file_ref idref="fl-8"/>
      </object_component>
      <object_component id="oc-216">
         <name>.text:time_copy</name>
         <load_address>0x8f6e</load_address>
         <run_address>0x8f6e</run_address>
         <size>0x36</size>
         <input_file_ref idref="fl-4"/>
      </object_component>
      <object_component id="oc-205">
         <name>.text:swap_enabled_audio_sensor</name>
         <load_address>0x8fa4</load_address>
         <run_address>0x8fa4</run_address>
         <size>0x34</size>
         <input_file_ref idref="fl-11"/>
      </object_component>
      <object_component id="oc-16b">
         <name>.text:handle_adc_interrupt</name>
         <load_address>0x8fd8</load_address>
         <run_address>0x8fd8</run_address>
         <size>0x32</size>
         <input_file_ref idref="fl-7"/>
      </object_component>
      <object_component id="oc-193">
         <name>.text:check_time</name>
         <load_address>0x900a</load_address>
         <run_address>0x900a</run_address>
         <size>0x30</size>
         <input_file_ref idref="fl-4"/>
      </object_component>
      <object_component id="oc-1b6">
         <name>.text:html_write</name>
         <load_address>0x903a</load_address>
         <run_address>0x903a</run_address>
         <size>0x30</size>
         <input_file_ref idref="fl-d"/>
      </object_component>
      <object_component id="oc-1b4">
         <name>.text:http_write</name>
         <load_address>0x906a</load_address>
         <run_address>0x906a</run_address>
         <size>0x30</size>
         <input_file_ref idref="fl-d"/>
      </object_component>
      <object_component id="oc-176">
         <name>.text:send_command</name>
         <load_address>0x909a</load_address>
         <run_address>0x909a</run_address>
         <size>0x30</size>
         <input_file_ref idref="fl-8"/>
      </object_component>
      <object_component id="oc-171">
         <name>.text:time_set_current</name>
         <load_address>0x90ca</load_address>
         <run_address>0x90ca</run_address>
         <size>0x30</size>
         <input_file_ref idref="fl-4"/>
      </object_component>
      <object_component id="oc-215">
         <name>.text:delete_internal_wattage_sensor</name>
         <load_address>0x90fa</load_address>
         <run_address>0x90fa</run_address>
         <size>0x2e</size>
         <input_file_ref idref="fl-2"/>
      </object_component>
      <object_component id="oc-21a">
         <name>.text:disable_sensor_args</name>
         <load_address>0x9128</load_address>
         <run_address>0x9128</run_address>
         <size>0x2e</size>
         <input_file_ref idref="fl-7"/>
      </object_component>
      <object_component id="oc-21c">
         <name>.text:node_delete_next</name>
         <load_address>0x9156</load_address>
         <run_address>0x9156</run_address>
         <size>0x2e</size>
         <input_file_ref idref="fl-a"/>
      </object_component>
      <object_component id="oc-19f">
         <name>.text:string_starts_with</name>
         <load_address>0x9184</load_address>
         <run_address>0x9184</run_address>
         <size>0x2e</size>
         <input_file_ref idref="fl-10"/>
      </object_component>
      <object_component id="oc-1f9">
         <name>.text:action_delete</name>
         <load_address>0x91b2</load_address>
         <run_address>0x91b2</run_address>
         <size>0x2c</size>
         <input_file_ref idref="fl-f"/>
      </object_component>
      <object_component id="oc-16f">
         <name>.text:button2_toggled</name>
         <load_address>0x91de</load_address>
         <run_address>0x91de</run_address>
         <size>0x2c</size>
         <input_file_ref idref="fl-9"/>
      </object_component>
      <object_component id="oc-139">
         <name>.text:init_clock</name>
         <load_address>0x920a</load_address>
         <run_address>0x920a</run_address>
         <size>0x2c</size>
         <input_file_ref idref="fl-9"/>
      </object_component>
      <object_component id="oc-d2">
         <name>.text</name>
         <load_address>0x9236</load_address>
         <run_address>0x9236</run_address>
         <size>0x2c</size>
         <input_file_ref idref="fl-45"/>
      </object_component>
      <object_component id="oc-156">
         <name>.text:connect</name>
         <load_address>0x9262</load_address>
         <run_address>0x9262</run_address>
         <size>0x2a</size>
         <input_file_ref idref="fl-8"/>
      </object_component>
      <object_component id="oc-154">
         <name>.text:global_time</name>
         <load_address>0x928c</load_address>
         <run_address>0x928c</run_address>
         <size>0x2a</size>
         <input_file_ref idref="fl-4"/>
      </object_component>
      <object_component id="oc-151">
         <name>.text:is_associated</name>
         <load_address>0x92b6</load_address>
         <run_address>0x92b6</run_address>
         <size>0x2a</size>
         <input_file_ref idref="fl-8"/>
      </object_component>
      <object_component id="oc-147">
         <name>.text:new_time</name>
         <load_address>0x92e0</load_address>
         <run_address>0x92e0</run_address>
         <size>0x2a</size>
         <input_file_ref idref="fl-4"/>
      </object_component>
      <object_component id="oc-18b">
         <name>.text:prep_leds</name>
         <load_address>0x930a</load_address>
         <run_address>0x930a</run_address>
         <size>0x2a</size>
         <input_file_ref idref="fl-c"/>
      </object_component>
      <object_component id="oc-1e6">
         <name>.text:enable_internal_wattage_sensor</name>
         <load_address>0x9334</load_address>
         <run_address>0x9334</run_address>
         <size>0x28</size>
         <input_file_ref idref="fl-2"/>
      </object_component>
      <object_component id="oc-1aa">
         <name>.text:in_setup_master_mode</name>
         <load_address>0x935c</load_address>
         <run_address>0x935c</run_address>
         <size>0x28</size>
         <input_file_ref idref="fl-8"/>
      </object_component>
      <object_component id="oc-1f4">
         <name>.text:new_transmit_action</name>
         <load_address>0x9384</load_address>
         <run_address>0x9384</run_address>
         <size>0x28</size>
         <input_file_ref idref="fl-6"/>
      </object_component>
      <object_component id="oc-1f5">
         <name>.text:sensor_add_action_on_data_full</name>
         <load_address>0x93ac</load_address>
         <run_address>0x93ac</run_address>
         <size>0x28</size>
         <input_file_ref idref="fl-7"/>
      </object_component>
      <object_component id="oc-175">
         <name>.text:wait_for</name>
         <load_address>0x93d4</load_address>
         <run_address>0x93d4</run_address>
         <size>0x28</size>
         <input_file_ref idref="fl-4"/>
      </object_component>
      <object_component id="oc-21d">
         <name>.text:action_delete_list</name>
         <load_address>0x93fc</load_address>
         <run_address>0x93fc</run_address>
         <size>0x26</size>
         <input_file_ref idref="fl-f"/>
      </object_component>
      <object_component id="oc-181">
         <name>.text:in_setup_slave_mode</name>
         <load_address>0x9422</load_address>
         <run_address>0x9422</run_address>
         <size>0x24</size>
         <input_file_ref idref="fl-8"/>
      </object_component>
      <object_component id="oc-142">
         <name>.text:init_uart</name>
         <load_address>0x9446</load_address>
         <run_address>0x9446</run_address>
         <size>0x24</size>
         <input_file_ref idref="fl-3"/>
      </object_component>
      <object_component id="oc-1ad">
         <name>.text:new_node</name>
         <load_address>0x946a</load_address>
         <run_address>0x946a</run_address>
         <size>0x24</size>
         <input_file_ref idref="fl-a"/>
      </object_component>
      <object_component id="oc-1a9">
         <name>.text:node_delete_list</name>
         <load_address>0x948e</load_address>
         <run_address>0x948e</run_address>
         <size>0x24</size>
         <input_file_ref idref="fl-a"/>
      </object_component>
      <object_component id="oc-145">
         <name>.text:roving_call_back</name>
         <load_address>0x94b2</load_address>
         <run_address>0x94b2</run_address>
         <size>0x24</size>
         <input_file_ref idref="fl-9"/>
      </object_component>
      <object_component id="oc-211">
         <name>.text:time_clear</name>
         <load_address>0x94d6</load_address>
         <run_address>0x94d6</run_address>
         <size>0x24</size>
         <input_file_ref idref="fl-4"/>
      </object_component>
      <object_component id="oc-218">
         <name>.text:action_append_action</name>
         <load_address>0x94fa</load_address>
         <run_address>0x94fa</run_address>
         <size>0x22</size>
         <input_file_ref idref="fl-f"/>
      </object_component>
      <object_component id="oc-1ae">
         <name>.text:node_append</name>
         <load_address>0x951c</load_address>
         <run_address>0x951c</run_address>
         <size>0x22</size>
         <input_file_ref idref="fl-a"/>
      </object_component>
      <object_component id="oc-106">
         <name>.text</name>
         <load_address>0x953e</load_address>
         <run_address>0x953e</run_address>
         <size>0x22</size>
         <input_file_ref idref="fl-4f"/>
      </object_component>
      <object_component id="oc-1a2">
         <name>.text:add_new_host_ip</name>
         <load_address>0x9560</load_address>
         <run_address>0x9560</run_address>
         <size>0x20</size>
         <input_file_ref idref="fl-8"/>
      </object_component>
      <object_component id="oc-1a1">
         <name>.text:add_new_host_name</name>
         <load_address>0x9580</load_address>
         <run_address>0x9580</run_address>
         <size>0x20</size>
         <input_file_ref idref="fl-8"/>
      </object_component>
      <object_component id="oc-1a3">
         <name>.text:add_new_pass</name>
         <load_address>0x95a0</load_address>
         <run_address>0x95a0</run_address>
         <size>0x20</size>
         <input_file_ref idref="fl-8"/>
      </object_component>
      <object_component id="oc-1a4">
         <name>.text:add_new_ssid</name>
         <load_address>0x95c0</load_address>
         <run_address>0x95c0</run_address>
         <size>0x20</size>
         <input_file_ref idref="fl-8"/>
      </object_component>
      <object_component id="oc-225">
         <name>.text:delete_internal_current_sensor</name>
         <load_address>0x95e0</load_address>
         <run_address>0x95e0</run_address>
         <size>0x20</size>
         <input_file_ref idref="fl-2"/>
      </object_component>
      <object_component id="oc-226">
         <name>.text:delete_internal_voltage_sensor</name>
         <load_address>0x9600</load_address>
         <run_address>0x9600</run_address>
         <size>0x20</size>
         <input_file_ref idref="fl-2"/>
      </object_component>
      <object_component id="oc-1e1">
         <name>.text:disable_internal_current_sensor</name>
         <load_address>0x9620</load_address>
         <run_address>0x9620</run_address>
         <size>0x20</size>
         <input_file_ref idref="fl-2"/>
      </object_component>
      <object_component id="oc-1e4">
         <name>.text:disable_internal_voltage_sensor</name>
         <load_address>0x9640</load_address>
         <run_address>0x9640</run_address>
         <size>0x20</size>
         <input_file_ref idref="fl-2"/>
      </object_component>
      <object_component id="oc-1e0">
         <name>.text:enable_internal_current_sensor</name>
         <load_address>0x9660</load_address>
         <run_address>0x9660</run_address>
         <size>0x20</size>
         <input_file_ref idref="fl-2"/>
      </object_component>
      <object_component id="oc-1e3">
         <name>.text:enable_internal_voltage_sensor</name>
         <load_address>0x9680</load_address>
         <run_address>0x9680</run_address>
         <size>0x20</size>
         <input_file_ref idref="fl-2"/>
      </object_component>
      <object_component id="oc-158">
         <name>.text:led_ping</name>
         <load_address>0x96a0</load_address>
         <run_address>0x96a0</run_address>
         <size>0x20</size>
         <input_file_ref idref="fl-c"/>
      </object_component>
      <object_component id="oc-1a8">
         <name>.text:send_data</name>
         <load_address>0x96c0</load_address>
         <run_address>0x96c0</run_address>
         <size>0x20</size>
         <input_file_ref idref="fl-8"/>
      </object_component>
      <object_component id="oc-21e">
         <name>.text:get_celcius</name>
         <load_address>0x96e0</load_address>
         <run_address>0x96e0</run_address>
         <size>0x1e</size>
         <input_file_ref idref="fl-5"/>
      </object_component>
      <object_component id="oc-15d">
         <name>.text:get_dhcp</name>
         <load_address>0x96fe</load_address>
         <run_address>0x96fe</run_address>
         <size>0x1e</size>
         <input_file_ref idref="fl-8"/>
      </object_component>
      <object_component id="oc-1d3">
         <name>.text:html_send</name>
         <load_address>0x971c</load_address>
         <run_address>0x971c</run_address>
         <size>0x1e</size>
         <input_file_ref idref="fl-d"/>
      </object_component>
      <object_component id="oc-201">
         <name>.text:new_action</name>
         <load_address>0x973a</load_address>
         <run_address>0x973a</run_address>
         <size>0x1e</size>
         <input_file_ref idref="fl-f"/>
      </object_component>
      <object_component id="oc-1d9">
         <name>.text:sensor_delete_this</name>
         <load_address>0x9758</load_address>
         <run_address>0x9758</run_address>
         <size>0x1e</size>
         <input_file_ref idref="fl-7"/>
      </object_component>
      <object_component id="oc-16c">
         <name>.text:sensor_disable_this</name>
         <load_address>0x9776</load_address>
         <run_address>0x9776</run_address>
         <size>0x1e</size>
         <input_file_ref idref="fl-7"/>
      </object_component>
      <object_component id="oc-16d">
         <name>.text:sensor_enable_this</name>
         <load_address>0x9794</load_address>
         <run_address>0x9794</run_address>
         <size>0x1e</size>
         <input_file_ref idref="fl-7"/>
      </object_component>
      <object_component id="oc-219">
         <name>.text:channel_to_loc</name>
         <load_address>0x97b2</load_address>
         <run_address>0x97b2</run_address>
         <size>0x1c</size>
         <input_file_ref idref="fl-7"/>
      </object_component>
      <object_component id="oc-1e7">
         <name>.text:disable_internal_wattage_sensor</name>
         <load_address>0x97ce</load_address>
         <run_address>0x97ce</run_address>
         <size>0x1c</size>
         <input_file_ref idref="fl-2"/>
      </object_component>
      <object_component id="oc-1ab">
         <name>.text:do_actions</name>
         <load_address>0x97ea</load_address>
         <run_address>0x97ea</run_address>
         <size>0x1c</size>
         <input_file_ref idref="fl-f"/>
      </object_component>
      <object_component id="oc-188">
         <name>.text:send_ip</name>
         <load_address>0x9806</load_address>
         <run_address>0x9806</run_address>
         <size>0x1c</size>
         <input_file_ref idref="fl-8"/>
      </object_component>
      <object_component id="oc-224">
         <name>.text:sensor_clear_state</name>
         <load_address>0x9822</load_address>
         <run_address>0x9822</run_address>
         <size>0x1c</size>
         <input_file_ref idref="fl-7"/>
      </object_component>
      <object_component id="oc-1e8">
         <name>.text:time_delete</name>
         <load_address>0x983e</load_address>
         <run_address>0x983e</run_address>
         <size>0x1c</size>
         <input_file_ref idref="fl-4"/>
      </object_component>
      <object_component id="oc-19c">
         <name>.text:does_has_prompt</name>
         <load_address>0x985a</load_address>
         <run_address>0x985a</run_address>
         <size>0x1a</size>
         <input_file_ref idref="fl-8"/>
      </object_component>
      <object_component id="oc-17e">
         <name>.text:have_ack</name>
         <load_address>0x9874</load_address>
         <run_address>0x9874</run_address>
         <size>0x1a</size>
         <input_file_ref idref="fl-8"/>
      </object_component>
      <object_component id="oc-174">
         <name>.text:in_command_mode</name>
         <load_address>0x988e</load_address>
         <run_address>0x988e</run_address>
         <size>0x1a</size>
         <input_file_ref idref="fl-8"/>
      </object_component>
      <object_component id="oc-140">
         <name>.text:init_leds</name>
         <load_address>0x98a8</load_address>
         <run_address>0x98a8</run_address>
         <size>0x1a</size>
         <input_file_ref idref="fl-c"/>
      </object_component>
      <object_component id="oc-13f">
         <name>.text:init_time</name>
         <load_address>0x98c2</load_address>
         <run_address>0x98c2</run_address>
         <size>0x1a</size>
         <input_file_ref idref="fl-4"/>
      </object_component>
      <object_component id="oc-1fb">
         <name>.text:loc_to_channel</name>
         <load_address>0x98dc</load_address>
         <run_address>0x98dc</run_address>
         <size>0x1a</size>
         <input_file_ref idref="fl-7"/>
      </object_component>
      <object_component id="oc-178">
         <name>.text:not_in_command_mode</name>
         <load_address>0x98f6</load_address>
         <run_address>0x98f6</run_address>
         <size>0x1a</size>
         <input_file_ref idref="fl-8"/>
      </object_component>
      <object_component id="oc-204">
         <name>.text:action_set_args</name>
         <load_address>0x9910</load_address>
         <run_address>0x9910</run_address>
         <size>0x18</size>
         <input_file_ref idref="fl-f"/>
      </object_component>
      <object_component id="oc-203">
         <name>.text:action_set_func</name>
         <load_address>0x9928</load_address>
         <run_address>0x9928</run_address>
         <size>0x18</size>
         <input_file_ref idref="fl-f"/>
      </object_component>
      <object_component id="oc-1fe">
         <name>.text:enable_audio_sensor</name>
         <load_address>0x9940</load_address>
         <run_address>0x9940</run_address>
         <size>0x18</size>
         <input_file_ref idref="fl-11"/>
      </object_component>
      <object_component id="oc-15b">
         <name>.text:have_data_to_transmit</name>
         <load_address>0x9958</load_address>
         <run_address>0x9958</run_address>
         <size>0x18</size>
         <input_file_ref idref="fl-6"/>
      </object_component>
      <object_component id="oc-186">
         <name>.text:reset_setup_info</name>
         <load_address>0x9970</load_address>
         <run_address>0x9970</run_address>
         <size>0x18</size>
         <input_file_ref idref="fl-8"/>
      </object_component>
      <object_component id="oc-1f6">
         <name>.text:sensor_set_delete_func</name>
         <load_address>0x9988</load_address>
         <run_address>0x9988</run_address>
         <size>0x18</size>
         <input_file_ref idref="fl-7"/>
      </object_component>
      <object_component id="oc-1f8">
         <name>.text:sensor_set_disable_func</name>
         <load_address>0x99a0</load_address>
         <run_address>0x99a0</run_address>
         <size>0x18</size>
         <input_file_ref idref="fl-7"/>
      </object_component>
      <object_component id="oc-1f7">
         <name>.text:sensor_set_enable_func</name>
         <load_address>0x99b8</load_address>
         <run_address>0x99b8</run_address>
         <size>0x18</size>
         <input_file_ref idref="fl-7"/>
      </object_component>
      <object_component id="oc-19e">
         <name>.text:strchr</name>
         <load_address>0x99d0</load_address>
         <run_address>0x99d0</run_address>
         <size>0x18</size>
         <input_file_ref idref="fl-51"/>
      </object_component>
      <object_component id="oc-19d">
         <name>.text:strcmp</name>
         <load_address>0x99e8</load_address>
         <run_address>0x99e8</run_address>
         <size>0x18</size>
         <input_file_ref idref="fl-52"/>
      </object_component>
      <object_component id="oc-17d">
         <name>.text:uart_send_array</name>
         <load_address>0x9a00</load_address>
         <run_address>0x9a00</run_address>
         <size>0x18</size>
         <input_file_ref idref="fl-3"/>
      </object_component>
      <object_component id="oc-18f">
         <name>.text:blink_slow_sliding</name>
         <load_address>0x9a18</load_address>
         <run_address>0x9a18</run_address>
         <size>0x16</size>
         <input_file_ref idref="fl-c"/>
      </object_component>
      <object_component id="oc-1ec">
         <name>.text:multiply</name>
         <load_address>0x9a2e</load_address>
         <run_address>0x9a2e</run_address>
         <size>0x16</size>
         <input_file_ref idref="fl-10"/>
      </object_component>
      <object_component id="oc-1b1">
         <name>.text:number_of_characters_in_string</name>
         <load_address>0x9a44</load_address>
         <run_address>0x9a44</run_address>
         <size>0x16</size>
         <input_file_ref idref="fl-10"/>
      </object_component>
      <object_component id="oc-d7">
         <name>.text</name>
         <load_address>0x9a5a</load_address>
         <run_address>0x9a5a</run_address>
         <size>0x16</size>
         <input_file_ref idref="fl-46"/>
      </object_component>
      <object_component id="oc-101">
         <name>.text</name>
         <load_address>0x9a70</load_address>
         <run_address>0x9a70</run_address>
         <size>0x16</size>
         <input_file_ref idref="fl-4e"/>
      </object_component>
      <object_component id="oc-1fd">
         <name>.text:delete_audio_sensor</name>
         <load_address>0x9a86</load_address>
         <run_address>0x9a86</run_address>
         <size>0x14</size>
         <input_file_ref idref="fl-11"/>
      </object_component>
      <object_component id="oc-1ff">
         <name>.text:disable_audio_sensor</name>
         <load_address>0x9a9a</load_address>
         <run_address>0x9a9a</run_address>
         <size>0x14</size>
         <input_file_ref idref="fl-11"/>
      </object_component>
      <object_component id="oc-13c">
         <name>.text:init_audio_sensor</name>
         <load_address>0x9aae</load_address>
         <run_address>0x9aae</run_address>
         <size>0x14</size>
         <input_file_ref idref="fl-11"/>
      </object_component>
      <object_component id="oc-1e9">
         <name>.text:set_relay</name>
         <load_address>0x9ac2</load_address>
         <run_address>0x9ac2</run_address>
         <size>0x14</size>
         <input_file_ref idref="fl-9"/>
      </object_component>
      <object_component id="oc-173">
         <name>.text:uart_send_string</name>
         <load_address>0x9ad6</load_address>
         <run_address>0x9ad6</run_address>
         <size>0x14</size>
         <input_file_ref idref="fl-3"/>
      </object_component>
      <object_component id="oc-14a">
         <name>.text:wait</name>
         <load_address>0x9aea</load_address>
         <run_address>0x9aea</run_address>
         <size>0x14</size>
         <input_file_ref idref="fl-4"/>
      </object_component>
      <object_component id="oc-184">
         <name>.text:done_setup</name>
         <load_address>0x9afe</load_address>
         <run_address>0x9afe</run_address>
         <size>0x12</size>
         <input_file_ref idref="fl-8"/>
      </object_component>
      <object_component id="oc-152">
         <name>.text:have_dhcp</name>
         <load_address>0x9b10</load_address>
         <run_address>0x9b10</run_address>
         <size>0x12</size>
         <input_file_ref idref="fl-8"/>
      </object_component>
      <object_component id="oc-14d">
         <name>.text:init_pll</name>
         <load_address>0x9b22</load_address>
         <run_address>0x9b22</run_address>
         <size>0x12</size>
         <input_file_ref idref="fl-9"/>
      </object_component>
      <object_component id="oc-143">
         <name>.text:init_transmits</name>
         <load_address>0x9b34</load_address>
         <run_address>0x9b34</run_address>
         <size>0x12</size>
         <input_file_ref idref="fl-6"/>
      </object_component>
      <object_component id="oc-138">
         <name>.text:memcpy</name>
         <load_address>0x9b46</load_address>
         <run_address>0x9b46</run_address>
         <size>0x12</size>
         <input_file_ref idref="fl-4b"/>
      </object_component>
      <object_component id="oc-1fa">
         <name>.text:sensor_get_loc</name>
         <load_address>0x9b58</load_address>
         <run_address>0x9b58</run_address>
         <size>0x12</size>
         <input_file_ref idref="fl-7"/>
      </object_component>
      <object_component id="oc-148">
         <name>.text:time_set_seconds</name>
         <load_address>0x9b6a</load_address>
         <run_address>0x9b6a</run_address>
         <size>0x12</size>
         <input_file_ref idref="fl-4"/>
      </object_component>
      <object_component id="oc-210">
         <name>.text:disable_sensor</name>
         <load_address>0x9b7c</load_address>
         <run_address>0x9b7c</run_address>
         <size>0x10</size>
         <input_file_ref idref="fl-7"/>
      </object_component>
      <object_component id="oc-16a">
         <name>.text:do_non_blocking_interrupt</name>
         <load_address>0x9b8c</load_address>
         <run_address>0x9b8c</run_address>
         <size>0x10</size>
         <input_file_ref idref="fl-9"/>
      </object_component>
      <object_component id="oc-1b2">
         <name>.text:html_reset</name>
         <load_address>0x9b9c</load_address>
         <run_address>0x9b9c</run_address>
         <size>0x10</size>
         <input_file_ref idref="fl-d"/>
      </object_component>
      <object_component id="oc-13e">
         <name>.text:init_timer</name>
         <load_address>0x9bac</load_address>
         <run_address>0x9bac</run_address>
         <size>0x10</size>
         <input_file_ref idref="fl-9"/>
      </object_component>
      <object_component id="oc-1fc">
         <name>.text:time_set_clock_time</name>
         <load_address>0x9bbc</load_address>
         <run_address>0x9bbc</run_address>
         <size>0x10</size>
         <input_file_ref idref="fl-4"/>
      </object_component>
      <object_component id="oc-18c">
         <name>.text:blink_slow</name>
         <load_address>0x9bcc</load_address>
         <run_address>0x9bcc</run_address>
         <size>0xe</size>
         <input_file_ref idref="fl-c"/>
      </object_component>
      <object_component id="oc-18e">
         <name>.text:blink_slow_alternating</name>
         <load_address>0x9bda</load_address>
         <run_address>0x9bda</run_address>
         <size>0xe</size>
         <input_file_ref idref="fl-c"/>
      </object_component>
      <object_component id="oc-141">
         <name>.text:init_relay</name>
         <load_address>0x9be8</load_address>
         <run_address>0x9be8</run_address>
         <size>0xe</size>
         <input_file_ref idref="fl-9"/>
      </object_component>
      <object_component id="oc-13b">
         <name>.text:init_temperature_sensor</name>
         <load_address>0x9bf6</load_address>
         <run_address>0x9bf6</run_address>
         <size>0xe</size>
         <input_file_ref idref="fl-5"/>
      </object_component>
      <object_component id="oc-194">
         <name>.text:node_get_next</name>
         <load_address>0x9c04</load_address>
         <run_address>0x9c04</run_address>
         <size>0xe</size>
         <input_file_ref idref="fl-a"/>
      </object_component>
      <object_component id="oc-195">
         <name>.text:sample_queued_sensors</name>
         <load_address>0x9c12</load_address>
         <run_address>0x9c12</run_address>
         <size>0xe</size>
         <input_file_ref idref="fl-7"/>
      </object_component>
      <object_component id="oc-21b">
         <name>.text:sensor_get_data_array</name>
         <load_address>0x9c20</load_address>
         <run_address>0x9c20</run_address>
         <size>0xe</size>
         <input_file_ref idref="fl-7"/>
      </object_component>
      <object_component id="oc-227">
         <name>.text:sensor_get_end_time</name>
         <load_address>0x9c2e</load_address>
         <run_address>0x9c2e</run_address>
         <size>0xe</size>
         <input_file_ref idref="fl-7"/>
      </object_component>
      <object_component id="oc-229">
         <name>.text:sensor_get_old_array</name>
         <load_address>0x9c3c</load_address>
         <run_address>0x9c3c</run_address>
         <size>0xe</size>
         <input_file_ref idref="fl-7"/>
      </object_component>
      <object_component id="oc-1d7">
         <name>.text:sensor_get_period</name>
         <load_address>0x9c4a</load_address>
         <run_address>0x9c4a</run_address>
         <size>0xe</size>
         <input_file_ref idref="fl-7"/>
      </object_component>
      <object_component id="oc-1d8">
         <name>.text:sensor_get_size</name>
         <load_address>0x9c58</load_address>
         <run_address>0x9c58</run_address>
         <size>0xe</size>
         <input_file_ref idref="fl-7"/>
      </object_component>
      <object_component id="oc-22b">
         <name>.text:sensor_get_trigger_time</name>
         <load_address>0x9c66</load_address>
         <run_address>0x9c66</run_address>
         <size>0xe</size>
         <input_file_ref idref="fl-7"/>
      </object_component>
      <object_component id="oc-182">
         <name>.text:strlen</name>
         <load_address>0x9c74</load_address>
         <run_address>0x9c74</run_address>
         <size>0xe</size>
         <input_file_ref idref="fl-53"/>
      </object_component>
      <object_component id="oc-168">
         <name>.text:ready_to_sample</name>
         <load_address>0x9c82</load_address>
         <run_address>0x9c82</run_address>
         <size>0xc</size>
         <input_file_ref idref="fl-7"/>
      </object_component>
      <object_component id="oc-1d6">
         <name>.text:sensor_get_type</name>
         <load_address>0x9c8e</load_address>
         <run_address>0x9c8e</run_address>
         <size>0xc</size>
         <input_file_ref idref="fl-7"/>
      </object_component>
      <object_component id="oc-179">
         <name>.text:write_2_bytes_to_string</name>
         <load_address>0x9c9a</load_address>
         <run_address>0x9c9a</run_address>
         <size>0xc</size>
         <input_file_ref idref="fl-10"/>
      </object_component>
      <object_component id="oc-20a">
         <name>.text:delete_external_temperature_sensor_A</name>
         <load_address>0x9ca6</load_address>
         <run_address>0x9ca6</run_address>
         <size>0xa</size>
         <input_file_ref idref="fl-5"/>
      </object_component>
      <object_component id="oc-207">
         <name>.text:delete_external_temperature_sensor_B</name>
         <load_address>0x9cb0</load_address>
         <run_address>0x9cb0</run_address>
         <size>0xa</size>
         <input_file_ref idref="fl-5"/>
      </object_component>
      <object_component id="oc-20d">
         <name>.text:delete_internal_temperature_sensor</name>
         <load_address>0x9cba</load_address>
         <run_address>0x9cba</run_address>
         <size>0xa</size>
         <input_file_ref idref="fl-5"/>
      </object_component>
      <object_component id="oc-1f0">
         <name>.text:delete_light_sensor_A</name>
         <load_address>0x9cc4</load_address>
         <run_address>0x9cc4</run_address>
         <size>0xa</size>
         <input_file_ref idref="fl-b"/>
      </object_component>
      <object_component id="oc-1ed">
         <name>.text:delete_light_sensor_B</name>
         <load_address>0x9cce</load_address>
         <run_address>0x9cce</run_address>
         <size>0xa</size>
         <input_file_ref idref="fl-b"/>
      </object_component>
      <object_component id="oc-20c">
         <name>.text:disable_external_temperature_sensor_A</name>
         <load_address>0x9cd8</load_address>
         <run_address>0x9cd8</run_address>
         <size>0xa</size>
         <input_file_ref idref="fl-5"/>
      </object_component>
      <object_component id="oc-209">
         <name>.text:disable_external_temperature_sensor_B</name>
         <load_address>0x9ce2</load_address>
         <run_address>0x9ce2</run_address>
         <size>0xa</size>
         <input_file_ref idref="fl-5"/>
      </object_component>
      <object_component id="oc-1de">
         <name>.text:disable_internal_temperature_sensor</name>
         <load_address>0x9cec</load_address>
         <run_address>0x9cec</run_address>
         <size>0xa</size>
         <input_file_ref idref="fl-5"/>
      </object_component>
      <object_component id="oc-1f2">
         <name>.text:disable_light_sensor_A</name>
         <load_address>0x9cf6</load_address>
         <run_address>0x9cf6</run_address>
         <size>0xa</size>
         <input_file_ref idref="fl-b"/>
      </object_component>
      <object_component id="oc-1ef">
         <name>.text:disable_light_sensor_B</name>
         <load_address>0x9d00</load_address>
         <run_address>0x9d00</run_address>
         <size>0xa</size>
         <input_file_ref idref="fl-b"/>
      </object_component>
      <object_component id="oc-20b">
         <name>.text:enable_external_temperature_sensor_A</name>
         <load_address>0x9d0a</load_address>
         <run_address>0x9d0a</run_address>
         <size>0xa</size>
         <input_file_ref idref="fl-5"/>
      </object_component>
      <object_component id="oc-208">
         <name>.text:enable_external_temperature_sensor_B</name>
         <load_address>0x9d14</load_address>
         <run_address>0x9d14</run_address>
         <size>0xa</size>
         <input_file_ref idref="fl-5"/>
      </object_component>
      <object_component id="oc-1dd">
         <name>.text:enable_internal_temperature_sensor</name>
         <load_address>0x9d1e</load_address>
         <run_address>0x9d1e</run_address>
         <size>0xa</size>
         <input_file_ref idref="fl-5"/>
      </object_component>
      <object_component id="oc-1f1">
         <name>.text:enable_light_sensor_A</name>
         <load_address>0x9d28</load_address>
         <run_address>0x9d28</run_address>
         <size>0xa</size>
         <input_file_ref idref="fl-b"/>
      </object_component>
      <object_component id="oc-1ee">
         <name>.text:enable_light_sensor_B</name>
         <load_address>0x9d32</load_address>
         <run_address>0x9d32</run_address>
         <size>0xa</size>
         <input_file_ref idref="fl-b"/>
      </object_component>
      <object_component id="oc-13d">
         <name>.text:init_light_sensor</name>
         <load_address>0x9d3c</load_address>
         <run_address>0x9d3c</run_address>
         <size>0xa</size>
         <input_file_ref idref="fl-b"/>
      </object_component>
      <object_component id="oc-18a">
         <name>.text:is_prompt</name>
         <load_address>0x9d46</load_address>
         <run_address>0x9d46</run_address>
         <size>0xa</size>
         <input_file_ref idref="fl-8"/>
      </object_component>
      <object_component id="oc-16e">
         <name>.text:toggle_relay</name>
         <load_address>0x9d50</load_address>
         <run_address>0x9d50</run_address>
         <size>0x8</size>
         <input_file_ref idref="fl-9"/>
      </object_component>
      <object_component id="oc-191">
         <name>.text:update_leds</name>
         <load_address>0x9d58</load_address>
         <run_address>0x9d58</run_address>
         <size>0x8</size>
         <input_file_ref idref="fl-c"/>
      </object_component>
      <object_component id="oc-15e">
         <name>.text:associate</name>
         <load_address>0x9d60</load_address>
         <run_address>0x9d60</run_address>
         <size>0x6</size>
         <input_file_ref idref="fl-8"/>
      </object_component>
      <object_component id="oc-1a5">
         <name>.text:complete_setup</name>
         <load_address>0x9d66</load_address>
         <run_address>0x9d66</run_address>
         <size>0x6</size>
         <input_file_ref idref="fl-8"/>
      </object_component>
      <object_component id="oc-222">
         <name>.text:continue_transmits</name>
         <load_address>0x9d6c</load_address>
         <run_address>0x9d6c</run_address>
         <size>0x6</size>
         <input_file_ref idref="fl-6"/>
      </object_component>
      <object_component id="oc-1cf">
         <name>.text:get_new_host_ip</name>
         <load_address>0x9d72</load_address>
         <run_address>0x9d72</run_address>
         <size>0x6</size>
         <input_file_ref idref="fl-8"/>
      </object_component>
      <object_component id="oc-1ce">
         <name>.text:get_new_host_name</name>
         <load_address>0x9d78</load_address>
         <run_address>0x9d78</run_address>
         <size>0x6</size>
         <input_file_ref idref="fl-8"/>
      </object_component>
      <object_component id="oc-1c9">
         <name>.text:get_new_pass</name>
         <load_address>0x9d7e</load_address>
         <run_address>0x9d7e</run_address>
         <size>0x6</size>
         <input_file_ref idref="fl-8"/>
      </object_component>
      <object_component id="oc-1c5">
         <name>.text:get_new_ssid</name>
         <load_address>0x9d84</load_address>
         <run_address>0x9d84</run_address>
         <size>0x6</size>
         <input_file_ref idref="fl-8"/>
      </object_component>
      <object_component id="oc-1be">
         <name>.text:get_number_of_slaves</name>
         <load_address>0x9d8a</load_address>
         <run_address>0x9d8a</run_address>
         <size>0x6</size>
         <input_file_ref idref="fl-8"/>
      </object_component>
      <object_component id="oc-1bb">
         <name>.text:have_new_host_ip</name>
         <load_address>0x9d90</load_address>
         <run_address>0x9d90</run_address>
         <size>0x6</size>
         <input_file_ref idref="fl-8"/>
      </object_component>
      <object_component id="oc-1cc">
         <name>.text:have_new_host_name</name>
         <load_address>0x9d96</load_address>
         <run_address>0x9d96</run_address>
         <size>0x6</size>
         <input_file_ref idref="fl-8"/>
      </object_component>
      <object_component id="oc-1ba">
         <name>.text:have_new_pass</name>
         <load_address>0x9d9c</load_address>
         <run_address>0x9d9c</run_address>
         <size>0x6</size>
         <input_file_ref idref="fl-8"/>
      </object_component>
      <object_component id="oc-1b9">
         <name>.text:have_new_ssid</name>
         <load_address>0x9da2</load_address>
         <run_address>0x9da2</run_address>
         <size>0x6</size>
         <input_file_ref idref="fl-8"/>
      </object_component>
      <object_component id="oc-220">
         <name>.text:hold_transmits</name>
         <load_address>0x9da8</load_address>
         <run_address>0x9da8</run_address>
         <size>0x6</size>
         <input_file_ref idref="fl-6"/>
      </object_component>
      <object_component id="oc-153">
         <name>.text:is_connected</name>
         <load_address>0x9dae</load_address>
         <run_address>0x9dae</run_address>
         <size>0x6</size>
         <input_file_ref idref="fl-8"/>
      </object_component>
      <object_component id="oc-17b">
         <name>.text:reset_ack</name>
         <load_address>0x9db4</load_address>
         <run_address>0x9db4</run_address>
         <size>0x6</size>
         <input_file_ref idref="fl-8"/>
      </object_component>
      <object_component id="oc-1ea">
         <name>.text:reset_output_buffer</name>
         <load_address>0x9dba</load_address>
         <run_address>0x9dba</run_address>
         <size>0x6</size>
         <input_file_ref idref="fl-6"/>
      </object_component>
      <object_component id="oc-14e">
         <name>.text:set_led_anim</name>
         <load_address>0x9dc0</load_address>
         <run_address>0x9dc0</run_address>
         <size>0x6</size>
         <input_file_ref idref="fl-c"/>
      </object_component>
      <object_component id="oc-150">
         <name>.text:start_sampling</name>
         <load_address>0x9dc6</load_address>
         <run_address>0x9dc6</run_address>
         <size>0x6</size>
         <input_file_ref idref="fl-7"/>
      </object_component>
      <object_component id="oc-15f">
         <name>.text:stop_sampling</name>
         <load_address>0x9dcc</load_address>
         <run_address>0x9dcc</run_address>
         <size>0x6</size>
         <input_file_ref idref="fl-7"/>
      </object_component>
      <object_component id="oc-18d">
         <name>.text:turn_on</name>
         <load_address>0x9dd2</load_address>
         <run_address>0x9dd2</run_address>
         <size>0x6</size>
         <input_file_ref idref="fl-c"/>
      </object_component>
      <object_component id="oc-130">
         <name>.text:_system_pre_init</name>
         <load_address>0x9dd8</load_address>
         <run_address>0x9dd8</run_address>
         <size>0x4</size>
         <input_file_ref idref="fl-50"/>
      </object_component>
      <object_component id="oc-133">
         <name>.text:abort</name>
         <load_address>0x9ddc</load_address>
         <run_address>0x9ddc</run_address>
         <size>0x4</size>
         <input_file_ref idref="fl-49"/>
      </object_component>
      <object_component id="oc-192">
         <name>.text:node_get_val</name>
         <load_address>0x9de0</load_address>
         <run_address>0x9de0</run_address>
         <size>0x4</size>
         <input_file_ref idref="fl-a"/>
      </object_component>
      <object_component id="oc-12f">
         <name>.text:_nop</name>
         <load_address>0x9de4</load_address>
         <run_address>0x9de4</run_address>
         <size>0x2</size>
         <input_file_ref idref="fl-54"/>
      </object_component>
      <object_component id="oc-137">
         <name>.text:_isr:Port1GPIOHandler</name>
         <load_address>0x5c00</load_address>
         <run_address>0x5c00</run_address>
         <size>0x98</size>
         <input_file_ref idref="fl-9"/>
      </object_component>
      <object_component id="oc-135">
         <name>.text:_isr:Port2GPIOHandler</name>
         <load_address>0x5c98</load_address>
         <run_address>0x5c98</run_address>
         <size>0x56</size>
         <input_file_ref idref="fl-9"/>
      </object_component>
      <object_component id="oc-4f">
         <name>.text:_isr:_c_int00_noexit</name>
         <load_address>0x5cee</load_address>
         <run_address>0x5cee</run_address>
         <size>0x2a</size>
         <input_file_ref idref="fl-40"/>
      </object_component>
      <object_component id="oc-134">
         <name>.text:_isr:USCI_A2_ISR</name>
         <load_address>0x5d18</load_address>
         <run_address>0x5d18</run_address>
         <size>0x14</size>
         <input_file_ref idref="fl-3"/>
      </object_component>
      <object_component id="oc-136">
         <name>.text:_isr:ADC12_ISR</name>
         <load_address>0x5d2c</load_address>
         <run_address>0x5d2c</run_address>
         <size>0xa</size>
         <input_file_ref idref="fl-9"/>
      </object_component>
      <object_component id="oc-6a">
         <name>.cinit</name>
         <load_address>0x5d36</load_address>
         <run_address>0x5d36</run_address>
         <size>0x21</size>
         <input_file_ref idref="fl-6"/>
      </object_component>
      <object_component id="oc-98">
         <name>.cinit</name>
         <load_address>0x5d58</load_address>
         <run_address>0x5d58</run_address>
         <size>0xb</size>
         <input_file_ref idref="fl-d"/>
      </object_component>
      <object_component id="oc-f6">
         <name>.cinit</name>
         <load_address>0x5d64</load_address>
         <run_address>0x5d64</run_address>
         <size>0x6</size>
         <input_file_ref idref="fl-4c"/>
      </object_component>
      <object_component id="oc-228">
         <name>.const:temp_lookup_table</name>
         <load_address>0x9de6</load_address>
         <run_address>0x9de6</run_address>
         <size>0xe14</size>
         <input_file_ref idref="fl-5"/>
      </object_component>
      <object_component id="oc-77">
         <name>.const:.string</name>
         <load_address>0xabfa</load_address>
         <run_address>0xabfa</run_address>
         <size>0x1aa</size>
         <input_file_ref idref="fl-8"/>
      </object_component>
      <object_component id="oc-1d1">
         <name>.const:.string:html_submit_button</name>
         <load_address>0xada4</load_address>
         <run_address>0xada4</run_address>
         <size>0x97</size>
         <input_file_ref idref="fl-d"/>
      </object_component>
      <object_component id="oc-1b7">
         <name>.const:.string:html_header_02</name>
         <load_address>0xae3c</load_address>
         <run_address>0xae3c</run_address>
         <size>0x89</size>
         <input_file_ref idref="fl-d"/>
      </object_component>
      <object_component id="oc-1b5">
         <name>.const:.string:html_header_01</name>
         <load_address>0xaec6</load_address>
         <run_address>0xaec6</run_address>
         <size>0x7a</size>
         <input_file_ref idref="fl-d"/>
      </object_component>
      <object_component id="oc-1bd">
         <name>.const:.string:html_instructions_01</name>
         <load_address>0xaf40</load_address>
         <run_address>0xaf40</run_address>
         <size>0x6f</size>
         <input_file_ref idref="fl-d"/>
      </object_component>
      <object_component id="oc-1bc">
         <name>.const:.string:html_instructions_02</name>
         <load_address>0xafb0</load_address>
         <run_address>0xafb0</run_address>
         <size>0x6f</size>
         <input_file_ref idref="fl-d"/>
      </object_component>
      <object_component id="oc-1b8">
         <name>.const:.string:html_header_03</name>
         <load_address>0xb020</load_address>
         <run_address>0xb020</run_address>
         <size>0x68</size>
         <input_file_ref idref="fl-d"/>
      </object_component>
      <object_component id="oc-1bf">
         <name>.const:.string:html_number_of_slaves_prefix</name>
         <load_address>0xb088</load_address>
         <run_address>0xb088</run_address>
         <size>0x5f</size>
         <input_file_ref idref="fl-d"/>
      </object_component>
      <object_component id="oc-1b3">
         <name>.const:.string:http_header</name>
         <load_address>0xb0e8</load_address>
         <run_address>0xb0e8</run_address>
         <size>0x53</size>
         <input_file_ref idref="fl-d"/>
      </object_component>
      <object_component id="oc-1c7">
         <name>.const:.string:html_pass_prefix</name>
         <load_address>0xb13c</load_address>
         <run_address>0xb13c</run_address>
         <size>0x39</size>
         <input_file_ref idref="fl-d"/>
      </object_component>
      <object_component id="oc-1c2">
         <name>.const:.string:html_ssid_prefix</name>
         <load_address>0xb176</load_address>
         <run_address>0xb176</run_address>
         <size>0x35</size>
         <input_file_ref idref="fl-d"/>
      </object_component>
      <object_component id="oc-1cb">
         <name>.const:.string:html_host_ip_prefix</name>
         <load_address>0xb1ac</load_address>
         <run_address>0xb1ac</run_address>
         <size>0x32</size>
         <input_file_ref idref="fl-d"/>
      </object_component>
      <object_component id="oc-1d2">
         <name>.const:.string:html_footer</name>
         <load_address>0xb1de</load_address>
         <run_address>0xb1de</run_address>
         <size>0x1e</size>
         <input_file_ref idref="fl-d"/>
      </object_component>
      <object_component id="oc-1cd">
         <name>.const:.string:html_host_ip_form</name>
         <load_address>0xb1fc</load_address>
         <run_address>0xb1fc</run_address>
         <size>0x1c</size>
[...]
      <symbol id="sm-8b5">
         <name>turn_on</name>
         <value>0x9dd2</value>
         <object_component_ref idref="oc-18d"/>
      </symbol>
      <symbol id="sm-8b6">
         <name>init_leds</name>
         <value>0x98a8</value>
         <object_component_ref idref="oc-140"/>
      </symbol>
      <symbol id="sm-8b7">
         <name>blink_slow_alternating</name>
         <value>0x9bda</value>
         <object_component_ref idref="oc-18e"/>
      </symbol>
      <symbol id="sm-8b8">
         <name>led_state</name>
         <value>0x3fa6</value>
         <object_component_ref idref="oc-90"/>
      </symbol>
      <symbol id="sm-923">
         <name>html_header_01</name>
         <value>0xaec6</value>
         <object_component_ref idref="oc-1b5"/>
      </symbol>
      <symbol id="sm-924">
         <name>html_header_03</name>
         <value>0xb020</value>
         <object_component_ref idref="oc-1b8"/>
      </symbol>
      <symbol id="sm-925">
         <name>html_header_02</name>
         <value>0xae3c</value>
         <object_component_ref idref="oc-1b7"/>
      </symbol>
      <symbol id="sm-926">
         <name>html_pass_suffix</name>
         <value>0xb294</value>
         <object_component_ref idref="oc-1ca"/>
      </symbol>
      <symbol id="sm-927">
         <name>html_host_ip_suffix</name>
         <value>0xb27c</value>
         <object_component_ref idref="oc-1d0"/>
      </symbol>
      <symbol id="sm-928">
         <name>html_GET</name>
         <value>0x7eb0</value>
         <object_component_ref idref="oc-1af"/>
      </symbol>
      <symbol id="sm-929">
         <name>html_number_of_slaves_prefix</name>
         <value>0xb088</value>
         <object_component_ref idref="oc-1bf"/>
      </symbol>
      <symbol id="sm-92a">
         <name>http_header</name>
         <value>0xb0e8</value>
         <object_component_ref idref="oc-1b3"/>
      </symbol>
      <symbol id="sm-92b">
         <name>html_buffer</name>
         <value>0x339c</value>
         <object_component_ref idref="oc-96"/>
      </symbol>
      <symbol id="sm-92c">
         <name>html_footer</name>
         <value>0xb1de</value>
         <object_component_ref idref="oc-1d2"/>
      </symbol>
      <symbol id="sm-92d">
         <name>parse_http_request</name>
         <value>0x63fc</value>
         <object_component_ref idref="oc-1a6"/>
      </symbol>
      <symbol id="sm-92e">
         <name>html_ssid_prefix</name>
         <value>0xb176</value>
         <object_component_ref idref="oc-1c2"/>
      </symbol>
      <symbol id="sm-92f">
         <name>html_pass_form</name>
         <value>0xb218</value>
         <object_component_ref idref="oc-1c8"/>
      </symbol>
      <symbol id="sm-930">
         <name>html_ssid_form</name>
         <value>0xb234</value>
         <object_component_ref idref="oc-1c3"/>
      </symbol>
      <symbol id="sm-931">
         <name>html_ssid_suffix</name>
         <value>0xb2a0</value>
         <object_component_ref idref="oc-1c6"/>
      </symbol>
      <symbol id="sm-932">
         <name>html_input_error</name>
         <value>0xb26a</value>
         <object_component_ref idref="oc-1c4"/>
      </symbol>
      <symbol id="sm-933">
         <name>html_pass_prefix</name>
         <value>0xb13c</value>
         <object_component_ref idref="oc-1c7"/>
      </symbol>
      <symbol id="sm-934">
         <name>html_number_of_slaves_suffix</name>
         <value>0xb288</value>
         <object_component_ref idref="oc-1c1"/>
      </symbol>
      <symbol id="sm-935">
         <name>temp_varchar</name>
         <value>0x397e</value>
         <object_component_ref idref="oc-96"/>
      </symbol>
      <symbol id="sm-936">
         <name>html_submit_button</name>
         <value>0xada4</value>
         <object_component_ref idref="oc-1d1"/>
      </symbol>
      <symbol id="sm-937">
         <name>html_number_of_slaves_field</name>
         <value>0x3394</value>
         <object_component_ref idref="oc-96"/>
      </symbol>
      <symbol id="sm-938">
         <name>html_send</name>
         <value>0x971c</value>
         <object_component_ref idref="oc-1d3"/>
      </symbol>
      <symbol id="sm-939">
         <name>html_host_ip_form</name>
         <value>0xb1fc</value>
         <object_component_ref idref="oc-1cd"/>
      </symbol>
      <symbol id="sm-93a">
         <name>http_header_length</name>
         <value>0x397c</value>
         <object_component_ref idref="oc-96"/>
      </symbol>
      <symbol id="sm-93b">
         <name>html_write_ptr</name>
         <value>0x3978</value>
         <object_component_ref idref="oc-96"/>
      </symbol>
      <symbol id="sm-93c">
         <name>html_host_ip_prefix</name>
         <value>0xb1ac</value>
         <object_component_ref idref="oc-1cb"/>
      </symbol>
      <symbol id="sm-93d">
         <name>html_page_length</name>
         <value>0x397a</value>
         <object_component_ref idref="oc-96"/>
      </symbol>
      <symbol id="sm-93e">
         <name>http_write</name>
         <value>0x906a</value>
         <object_component_ref idref="oc-1b4"/>
      </symbol>
      <symbol id="sm-93f">
         <name>html_instructions_01</name>
         <value>0xaf40</value>
         <object_component_ref idref="oc-1bd"/>
      </symbol>
      <symbol id="sm-940">
         <name>html_instructions_02</name>
         <value>0xafb0</value>
         <object_component_ref idref="oc-1bc"/>
      </symbol>
      <symbol id="sm-941">
         <name>html_reset</name>
         <value>0x9b9c</value>
         <object_component_ref idref="oc-1b2"/>
      </symbol>
      <symbol id="sm-942">
         <name>html_write</name>
         <value>0x903a</value>
         <object_component_ref idref="oc-1b6"/>
      </symbol>
      <symbol id="sm-961">
         <name>SetVCore</name>
         <value>0x8b56</value>
         <object_component_ref idref="oc-170"/>
      </symbol>
      <symbol id="sm-962">
         <name>SetVCoreDown</name>
         <value>0x814e</value>
         <object_component_ref idref="oc-19a"/>
      </symbol>
      <symbol id="sm-963">
         <name>SetVCoreUp</name>
         <value>0x7bba</value>
         <object_component_ref idref="oc-199"/>
      </symbol>
      <symbol id="sm-990">
         <name>action_delete_list</name>
         <value>0x93fc</value>
         <object_component_ref idref="oc-21d"/>
      </symbol>
      <symbol id="sm-991">
         <name>new_action</name>
         <value>0x973a</value>
         <object_component_ref idref="oc-201"/>
      </symbol>
      <symbol id="sm-992">
         <name>action_append_action</name>
         <value>0x94fa</value>
         <object_component_ref idref="oc-218"/>
      </symbol>
      <symbol id="sm-993">
         <name>action_set_func</name>
         <value>0x9928</value>
         <object_component_ref idref="oc-203"/>
      </symbol>
      <symbol id="sm-994">
         <name>do_actions</name>
         <value>0x97ea</value>
         <object_component_ref idref="oc-1ab"/>
      </symbol>
      <symbol id="sm-995">
         <name>action_delete</name>
         <value>0x91b2</value>
         <object_component_ref idref="oc-1f9"/>
      </symbol>
      <symbol id="sm-996">
         <name>action_set_args</name>
         <value>0x9910</value>
         <object_component_ref idref="oc-204"/>
      </symbol>
      <symbol id="sm-9c7">
         <name>read_number_from_string</name>
         <value>0x8d46</value>
         <object_component_ref idref="oc-1d4"/>
      </symbol>
      <symbol id="sm-9c8">
         <name>write_2_bytes_to_string</name>
         <value>0x9c9a</value>
         <object_component_ref idref="oc-179"/>
      </symbol>
      <symbol id="sm-9c9">
         <name>string_starts_with</name>
         <value>0x9184</value>
         <object_component_ref idref="oc-19f"/>
      </symbol>
      <symbol id="sm-9ca">
         <name>number_of_characters_in_string</name>
         <value>0x9a44</value>
         <object_component_ref idref="oc-1b1"/>
      </symbol>
      <symbol id="sm-9cb">
         <name>write_int_to_string</name>
         <value>0x7aea</value>
         <object_component_ref idref="oc-1c0"/>
      </symbol>
      <symbol id="sm-9cc">
         <name>is_valid_string</name>
         <value>0x8d80</value>
         <object_component_ref idref="oc-1b0"/>
      </symbol>
      <symbol id="sm-9cd">
         <name>multiply</name>
         <value>0x9a2e</value>
         <object_component_ref idref="oc-1ec"/>
      </symbol>
      <symbol id="sm-9f6">
         <name>detect_audio_use</name>
         <value>0x7e04</value>
         <object_component_ref idref="oc-202"/>
      </symbol>
      <symbol id="sm-9f7">
         <name>swap_enabled_audio_sensor</name>
         <value>0x8fa4</value>
         <object_component_ref idref="oc-205"/>
      </symbol>
      <symbol id="sm-9f8">
         <name>audio_cool_down_counter</name>
         <value>0x3fb3</value>
         <object_component_ref idref="oc-ad"/>
      </symbol>
      <symbol id="sm-9f9">
         <name>create_audio_sensor</name>
         <value>0x6fc8</value>
         <object_component_ref idref="oc-1db"/>
      </symbol>
      <symbol id="sm-9fa">
         <name>delete_audio_sensor</name>
         <value>0x9a86</value>
         <object_component_ref idref="oc-1fd"/>
      </symbol>
      <symbol id="sm-9fb">
         <name>enable_audio_sensor</name>
         <value>0x9940</value>
         <object_component_ref idref="oc-1fe"/>
      </symbol>
      <symbol id="sm-9fc">
         <name>init_audio_sensor</name>
         <value>0x9aae</value>
         <object_component_ref idref="oc-13c"/>
      </symbol>
      <symbol id="sm-9fd">
         <name>disable_audio_sensor</name>
         <value>0x9a9a</value>
         <object_component_ref idref="oc-1ff"/>
      </symbol>
      <symbol id="sm-9fe">
         <name>audio_sensor_lofi</name>
         <value>0x3fae</value>
         <object_component_ref idref="oc-ad"/>
      </symbol>
      <symbol id="sm-9ff">
         <name>audio_sensor_hifi</name>
         <value>0x3fb0</value>
         <object_component_ref idref="oc-ad"/>
      </symbol>
      <symbol id="sm-a00">
         <name>audio_sensor_is_hifi</name>
         <value>0x3fb2</value>
         <object_component_ref idref="oc-ad"/>
      </symbol>
      <symbol id="sm-a0c">
         <name>L_ASR_12</name>
         <value>0x8c62</value>
         <object_component_ref idref="oc-22a"/>
      </symbol>
      <symbol id="sm-a0d">
         <name>L_ASR_13</name>
         <value>0x8c5e</value>
         <object_component_ref idref="oc-22a"/>
      </symbol>
      <symbol id="sm-a0e">
         <name>L_ASR_10</name>
         <value>0x8c6a</value>
         <object_component_ref idref="oc-22a"/>
      </symbol>
      <symbol id="sm-a0f">
         <name>L_ASR_11</name>
         <value>0x8c66</value>
         <object_component_ref idref="oc-22a"/>
      </symbol>
      <symbol id="sm-a10">
         <name>L_ASR_14</name>
         <value>0x8c5a</value>
         <object_component_ref idref="oc-22a"/>
      </symbol>
      <symbol id="sm-a11">
         <name>L_ASR_15</name>
         <value>0x8c56</value>
         <object_component_ref idref="oc-22a"/>
      </symbol>
      <symbol id="sm-a12">
         <name>L_ASR_3</name>
         <value>0x8c86</value>
         <object_component_ref idref="oc-22a"/>
      </symbol>
      <symbol id="sm-a13">
         <name>L_ASR_2</name>
         <value>0x8c8a</value>
         <object_component_ref idref="oc-22a"/>
      </symbol>
      <symbol id="sm-a14">
         <name>L_ASR_1</name>
         <value>0x8c8e</value>
         <object_component_ref idref="oc-22a"/>
      </symbol>
      <symbol id="sm-a15">
         <name>L_ASR_7</name>
         <value>0x8c76</value>
         <object_component_ref idref="oc-22a"/>
      </symbol>
      <symbol id="sm-a16">
         <name>L_ASR_6</name>
         <value>0x8c7a</value>
         <object_component_ref idref="oc-22a"/>
      </symbol>
      <symbol id="sm-a17">
         <name>L_ASR_5</name>
         <value>0x8c7e</value>
         <object_component_ref idref="oc-22a"/>
      </symbol>
      <symbol id="sm-a18">
         <name>L_ASR_4</name>
         <value>0x8c82</value>
         <object_component_ref idref="oc-22a"/>
      </symbol>
      <symbol id="sm-a19">
         <name>L_ASR_9</name>
         <value>0x8c6e</value>
         <object_component_ref idref="oc-22a"/>
      </symbol>
      <symbol id="sm-a1a">
         <name>L_ASR_8</name>
         <value>0x8c72</value>
         <object_component_ref idref="oc-22a"/>
      </symbol>
      <symbol id="sm-a2d">
         <name>_c_int00_noexit</name>
         <value>0x5cee</value>
         <object_component_ref idref="oc-4f"/>
      </symbol>
      <symbol id="sm-a2e">
         <name>_c_int00</name>
         <value>0x5cee</value>
         <object_component_ref idref="oc-4f"/>
      </symbol>
      <symbol id="sm-a2f">
         <name>_stack</name>
         <value>0x5900</value>
         <object_component_ref idref="oc-b9"/>
      </symbol>
      <symbol id="sm-a30">
         <name>__TI_dtors_ptr</name>
         <value>0x3f9a</value>
         <object_component_ref idref="oc-b7"/>
      </symbol>
      <symbol id="sm-a31">
         <name>__TI_cleanup_ptr</name>
         <value>0x3f96</value>
         <object_component_ref idref="oc-b7"/>
      </symbol>
      <symbol id="sm-a32">
         <name>_reset_vector</name>
         <value>0xfffe</value>
         <object_component_ref idref="oc-ba"/>
      </symbol>
      <symbol id="sm-a66">
         <name>__remi</name>
         <value>0x9236</value>
         <object_component_ref idref="oc-d2"/>
      </symbol>
      <symbol id="sm-a67">
         <name>__divi</name>
         <value>0x9236</value>
         <object_component_ref idref="oc-d2"/>
      </symbol>
      <symbol id="sm-a75">
         <name>__remu</name>
         <value>0x9a5a</value>
         <object_component_ref idref="oc-d7"/>
      </symbol>
      <symbol id="sm-a76">
         <name>__divu</name>
         <value>0x9a5a</value>
         <object_component_ref idref="oc-d7"/>
      </symbol>
      <symbol id="sm-a86">
         <name>__remli</name>
         <value>0x8bd6</value>
         <object_component_ref idref="oc-dc"/>
      </symbol>
      <symbol id="sm-a87">
         <name>__divli</name>
         <value>0x8bd6</value>
         <object_component_ref idref="oc-dc"/>
      </symbol>
      <symbol id="sm-a99">
         <name>__divul</name>
         <value>0x861a</value>
         <object_component_ref idref="oc-e1"/>
      </symbol>
      <symbol id="sm-a9a">
         <name>__remul</name>
         <value>0x861a</value>
         <object_component_ref idref="oc-e1"/>
      </symbol>
      <symbol id="sm-aa7">
         <name>C$$EXIT</name>
         <value>0x9ddc</value>
         <object_component_ref idref="oc-133"/>
      </symbol>
      <symbol id="sm-aa8">
         <name>abort</name>
         <value>0x9ddc</value>
         <object_component_ref idref="oc-133"/>
      </symbol>
      <symbol id="sm-aa9">
         <name>__TI_exit</name>
         <value>0x1</value>
      </symbol>
      <symbol id="sm-ab5">
         <name>L_LSR_12</name>
         <value>0x8ca0</value>
         <object_component_ref idref="oc-21f"/>
      </symbol>
      <symbol id="sm-ab6">
         <name>L_LSR_13</name>
         <value>0x8c9c</value>
         <object_component_ref idref="oc-21f"/>
      </symbol>
      <symbol id="sm-ab7">
         <name>L_LSR_10</name>
         <value>0x8ca8</value>
         <object_component_ref idref="oc-21f"/>
      </symbol>
      <symbol id="sm-ab8">
         <name>L_LSR_11</name>
         <value>0x8ca4</value>
         <object_component_ref idref="oc-21f"/>
      </symbol>
      <symbol id="sm-ab9">
         <name>L_LSR_14</name>
         <value>0x8c98</value>
         <object_component_ref idref="oc-21f"/>
      </symbol>
      <symbol id="sm-aba">
         <name>L_LSR_15</name>
         <value>0x8c94</value>
         <object_component_ref idref="oc-21f"/>
      </symbol>
      <symbol id="sm-abb">
         <name>L_LSR_3</name>
         <value>0x8cc4</value>
         <object_component_ref idref="oc-21f"/>
      </symbol>
      <symbol id="sm-abc">
         <name>L_LSR_2</name>
         <value>0x8cc8</value>
         <object_component_ref idref="oc-21f"/>
      </symbol>
      <symbol id="sm-abd">
         <name>L_LSR_1</name>
         <value>0x8ccc</value>
         <object_component_ref idref="oc-21f"/>
      </symbol>
      <symbol id="sm-abe">
         <name>L_LSR_7</name>
         <value>0x8cb4</value>
         <object_component_ref idref="oc-21f"/>
      </symbol>
      <symbol id="sm-abf">
         <name>L_LSR_6</name>
         <value>0x8cb8</value>
         <object_component_ref idref="oc-21f"/>
      </symbol>
      <symbol id="sm-ac0">
         <name>L_LSR_5</name>
         <value>0x8cbc</value>
         <object_component_ref idref="oc-21f"/>
      </symbol>
      <symbol id="sm-ac1">
         <name>L_LSR_4</name>
         <value>0x8cc0</value>
         <object_component_ref idref="oc-21f"/>
      </symbol>
      <symbol id="sm-ac2">
         <name>L_LSR_9</name>
         <value>0x8cac</value>
         <object_component_ref idref="oc-21f"/>
      </symbol>
      <symbol id="sm-ac3">
         <name>L_LSR_8</name>
         <value>0x8cb0</value>
         <object_component_ref idref="oc-21f"/>
      </symbol>
      <symbol id="sm-ad1">
         <name>memcpy</name>
         <value>0x9b46</value>
         <object_component_ref idref="oc-138"/>
      </symbol>
      <symbol id="sm-b04">
         <name>_sys_memory</name>
         <value>0x3fc0</value>
         <object_component_ref idref="oc-f7"/>
      </symbol>
      <symbol id="sm-b05">
         <name>free</name>
         <value>0x831a</value>
         <object_component_ref idref="oc-1ac"/>
      </symbol>
      <symbol id="sm-b06">
         <name>malloc</name>
         <value>0x8006</value>
         <object_component_ref idref="oc-172"/>
      </symbol>
      <symbol id="sm-b07">
         <name>minit</name>
         <value>0x8db8</value>
         <object_component_ref idref="oc-19b"/>
      </symbol>
      <symbol id="sm-b1c">
         <name>__mpyi_f5hw</name>
         <value>0x9a70</value>
         <object_component_ref idref="oc-101"/>
      </symbol>
      <symbol id="sm-b28">
         <name>__mpyl_f5hw</name>
         <value>0x953e</value>
         <object_component_ref idref="oc-106"/>
      </symbol>
      <symbol id="sm-b34">
         <name>_system_pre_init</name>
         <value>0x9dd8</value>
         <object_component_ref idref="oc-130"/>
      </symbol>
      <symbol id="sm-b43">
         <name>strchr</name>
         <value>0x99d0</value>
         <object_component_ref idref="oc-19e"/>
      </symbol>
      <symbol id="sm-b51">
         <name>strcmp</name>
         <value>0x99e8</value>
         <object_component_ref idref="oc-19d"/>
      </symbol>
      <symbol id="sm-b5e">
         <name>strlen</name>
         <value>0x9c74</value>
         <object_component_ref idref="oc-182"/>
      </symbol>
      <symbol id="sm-b6c">
         <name>_nop</name>
         <value>0x9de4</value>
         <object_component_ref idref="oc-12f"/>
      </symbol>
      <symbol id="sm-b6d">
         <name>_lock</name>
         <value>0x3f8e</value>
         <object_component_ref idref="oc-11f"/>
      </symbol>
      <symbol id="sm-b6e">
         <name>_unlock</name>
         <value>0x3f92</value>
         <object_component_ref idref="oc-11f"/>
      </symbol>
      <symbol id="sm-b78">
         <name>__TI_args_main</name>
         <value>0x1</value>
      </symbol>
      <symbol id="sm-b8a">
         <name>_auto_init</name>
         <value>0x8a3e</value>
         <object_component_ref idref="oc-131"/>
      </symbol>
      <symbol id="sm-b8b">
         <name>__TI_auto_init</name>
         <value>0x1</value>
      </symbol>
   </symbol_table>
   <title>Link successful</title>
</link_info>
